// Jest Snapshot v1, https://goo.gl/fbAQLP

exports[`(Component) App match the snapshot 1`] = `
<div
  className="app"
>
  <header
    className="app-header"
  >
    <nav>
      <ul
        style={
          Object {
            "display": "inline-block",
          }
        }
      >
        <li>
          <a
            href="/"
            onClick={[Function]}
          >
            Accueil
          </a>
        </li>
        <li>
          <a
            href="/exercices/00"
            onClick={[Function]}
          >
            Ex00
          </a>
        </li>
        <li>
          <a
            href="/exercices/01"
            onClick={[Function]}
          >
            Ex01
          </a>
        </li>
        <li>
          <a
            href="/exercices/02"
            onClick={[Function]}
          >
            Ex02
          </a>
        </li>
        <li>
          <a
            href="/exercices/03"
            onClick={[Function]}
          >
            Ex03
          </a>
        </li>
        <li>
          <a
            href="/exercices/04"
            onClick={[Function]}
          >
            Ex04
          </a>
        </li>
        <li>
          <a
            href="/exercices/05"
            onClick={[Function]}
          >
            Ex05
          </a>
        </li>
        <li>
          <a
            href="/exercices/06"
            onClick={[Function]}
          >
            Ex06
          </a>
        </li>
      </ul>
    </nav>
  </header>
  <div
    className="app-body"
  >
    <div
      className="main-content"
    >
      <div>
        <h1>
          React learning exercices
        </h1>
      </div>
    </div>
  </div>
</div>
`;
